
> coglatas-ui-tests@0.0.0 test:ui:angular
> node tests/ui/run-angular-playwright.mjs tests/ui/angular-smoke.spec.ts --grep matches approved Angular P0 screenshot baselines --update-snapshots

Serving C:\Users\satos\Documents\GitHub\Coglatas\frontend\dist\coglatas-web at http://127.0.0.1:4173
(node:16280) [DEP0205] DeprecationWarning: `module.register()` is deprecated. Use `module.registerHooks()` instead.
(Use `node --trace-deprecation ...` to show where the warning was created)

Running 2 tests using 2 workers

(node:24240) Warning: The 'NO_COLOR' env is ignored due to the 'FORCE_COLOR' env being set.
(Use `node --trace-warnings ...` to show where the warning was created)
(node:3828) Warning: The 'NO_COLOR' env is ignored due to the 'FORCE_COLOR' env being set.
(Use `node --trace-warnings ...` to show where the warning was created)
(node:24240) [DEP0205] DeprecationWarning: `module.register()` is deprecated. Use `module.registerHooks()` instead.
(node:3828) [DEP0205] DeprecationWarning: `module.register()` is deprecated. Use `module.registerHooks()` instead.
(node:24240) Warning: The 'NO_COLOR' env is ignored due to the 'FORCE_COLOR' env being set.
(Use `node --trace-warnings ...` to show where the warning was created)
(node:3828) Warning: The 'NO_COLOR' env is ignored due to the 'FORCE_COLOR' env being set.
(Use `node --trace-warnings ...` to show where the warning was created)
A snapshot doesn't exist at C:\Users\satos\Documents\GitHub\Coglatas\tests\ui\__angular_snapshots__\angular-smoke.spec.ts\desktop-shell-workspaces.png, writing actual.
A snapshot doesn't exist at C:\Users\satos\Documents\GitHub\Coglatas\tests\ui\__angular_snapshots__\angular-smoke.spec.ts\mobile-shell-workspaces-drawer.png, writing actual.
A snapshot doesn't exist at C:\Users\satos\Documents\GitHub\Coglatas\tests\ui\__angular_snapshots__\angular-smoke.spec.ts\permission-denied-state.png, writing actual.
  ok 1 [chromium-desktop] › tests\ui\angular-smoke.spec.ts:177:3 › MVP-A P0 Angular frontend smoke › matches approved Angular P0 screenshot baselines (7.4s)
  ok 2 [chromium-mobile] › tests\ui\angular-smoke.spec.ts:177:3 › MVP-A P0 Angular frontend smoke › matches approved Angular P0 screenshot baselines (7.5s)

  2 passed (12.4s)
